// Jest Snapshot v1, https://goo.gl/fbAQLP

exports[`ClayAlert should render a closeable alert 1`] = `
<div class="alert alert-info fade alert-dismissible show" role="alert">
  <button class="btn close btn-unstyled" aria-label="Close" type="button">
    <svg aria-hidden="true" class="lexicon-icon lexicon-icon-times">
      <use xlink:href="../node_modules/lexicon-ux/build/images/icons/icons.svg#times"></use>
    </svg>
  </button>
  <span class="alert-indicator">
    <svg aria-hidden="true" class="lexicon-icon lexicon-icon-info-circle">
      <use xlink:href="../node_modules/lexicon-ux/build/images/icons/icons.svg#info-circle"></use>
    </svg>
  </span>
  <strong class="lead">success</strong>message</div>
`;

exports[`ClayAlert should render a stripe alert 1`] = `
<div class="alert alert-info fade alert-fluid show" role="alert">
  <div class="container">
    <button class="btn close btn-unstyled" aria-label="Close" type="button">
      <svg aria-hidden="true" class="lexicon-icon lexicon-icon-times">
        <use xlink:href="../node_modules/lexicon-ux/build/images/icons/icons.svg#times"></use>
      </svg>
    </button>
    <span class="alert-indicator">
      <svg aria-hidden="true" class="lexicon-icon lexicon-icon-info-circle">
        <use xlink:href="../node_modules/lexicon-ux/build/images/icons/icons.svg#info-circle"></use>
      </svg>
    </span>
    <strong class="lead">info</strong>message</div>
</div>
`;

exports[`ClayAlert should render a toast alert 1`] = `
<div class="alert alert-info fade alert-toast show" role="alert">
  <button class="btn close btn-unstyled" aria-label="Close" type="button">
    <svg aria-hidden="true" class="lexicon-icon lexicon-icon-times">
      <use xlink:href="../node_modules/lexicon-ux/build/images/icons/icons.svg#times"></use>
    </svg>
  </button>
  <span class="alert-indicator">
    <svg aria-hidden="true" class="lexicon-icon lexicon-icon-info-circle">
      <use xlink:href="../node_modules/lexicon-ux/build/images/icons/icons.svg#info-circle"></use>
    </svg>
  </span>
  <strong class="lead">info</strong>message</div>
`;

exports[`ClayAlert should render an alert style "danger" 1`] = `
<div class="alert alert-danger fade show" role="alert">
  <span class="alert-indicator">
    <svg aria-hidden="true" class="lexicon-icon lexicon-icon-exclamation-full">
      <use xlink:href="../node_modules/lexicon-ux/build/images/icons/icons.svg#exclamation-full"></use>
    </svg>
  </span>
  <strong class="lead">danger</strong>message</div>
`;

exports[`ClayAlert should render an alert style "info" 1`] = `
<div class="alert alert-info fade show" role="alert">
  <span class="alert-indicator">
    <svg aria-hidden="true" class="lexicon-icon lexicon-icon-info-circle">
      <use xlink:href="../node_modules/lexicon-ux/build/images/icons/icons.svg#info-circle"></use>
    </svg>
  </span>
  <strong class="lead">info</strong>message</div>
`;

exports[`ClayAlert should render an alert style "success" 1`] = `
<div class="alert alert-success fade show" role="alert">
  <span class="alert-indicator">
    <svg aria-hidden="true" class="lexicon-icon lexicon-icon-check-circle-full">
      <use xlink:href="../node_modules/lexicon-ux/build/images/icons/icons.svg#check-circle-full"></use>
    </svg>
  </span>
  <strong class="lead">success</strong>message</div>
`;

exports[`ClayAlert should render an alert style "warning" 1`] = `
<div class="alert alert-warning fade show" role="alert">
  <span class="alert-indicator">
    <svg aria-hidden="true" class="lexicon-icon lexicon-icon-warning-full">
      <use xlink:href="../node_modules/lexicon-ux/build/images/icons/icons.svg#warning-full"></use>
    </svg>
  </span>
  <strong class="lead">warning</strong>message</div>
`;

exports[`ClayAlert should render default markup 1`] = `
<div class="alert alert-info fade show" role="alert">
  <span class="alert-indicator">
    <svg aria-hidden="true" class="lexicon-icon lexicon-icon-info-circle">
      <use xlink:href="../node_modules/lexicon-ux/build/images/icons/icons.svg#info-circle"></use>
    </svg>
  </span>
  <strong class="lead">info</strong>message</div>
`;
