// Jest Snapshot v1, https://goo.gl/fbAQLP

exports[`<%= componentName %> shound generate the default markup 1`] = `<div class="<%= kebabCaseName %>">Hello World</div>`;

