// Jest Snapshot v1, https://goo.gl/fbAQLP

exports[`ClayDatasetDisplay should render a ClayDatasetDisplay with classes 1`] = `<div class="clay-dataset-display my-custom-class"></div>`;

exports[`ClayDatasetDisplay should render a ClayDatasetDisplay with id 1`] = `<div class="clay-dataset-display" id="myId"></div>`;

exports[`ClayDatasetDisplay should render the default markup 1`] = `
<div class="clay-dataset-display">
  <nav class="management-bar management-bar-primary navbar navbar-expand-md">
    <div class="container">
      <ul class="navbar-nav">
        <li class="nav-item">
          <div class="custom-control custom-checkbox">
            <label>
              <input checked="" class="custom-control-input" ref="input" type="checkbox">
              <span class="custom-control-indicator"></span>
              <span class="custom-control-description sr-only">Select Page</span>
            </label>
          </div>
        </li>
        <li class="nav-item">
          <span class="navbar-text">1 of 11
            <span class="navbar-breakpoint-down-d-none">items selected</span>
          </span>
        </li>
        <li class="nav-item">
          <button class="btn nav-btn btn-link" type="button">Select all</button>
        </li>
      </ul>
      <ul class="navbar-nav">
        <li class="nav-item navbar-breakpoint-down-d-none">
          <button class="btn quick-action-item btn-unstyled" aria-label="trash" type="button">
            <svg aria-hidden="true" class="lexicon-icon lexicon-icon-trash">
              <title>trash</title>
              <use xlink:href="../../../node_modules/clay/build/images/icons/icons.svg#trash"></use>
            </svg>
          </button>
        </li>
        <li class="nav-item navbar-breakpoint-down-d-none">
          <button class="btn quick-action-item btn-unstyled" aria-label="download" type="button">
            <svg aria-hidden="true" class="lexicon-icon lexicon-icon-download">
              <title>download</title>
              <use xlink:href="../../../node_modules/clay/build/images/icons/icons.svg#download"></use>
            </svg>
          </button>
        </li>
        <li class="nav-item">
          <div class="dropdown dropdown-action">
            <button aria-expanded="false" aria-haspopup="true" aria-label="toggle" class="dropdown-toggle btn btn-unstyled">
              <svg aria-hidden="true" class="lexicon-icon lexicon-icon-ellipsis-v">
                <title>ellipsis-v</title>
                <use xlink:href="../../../node_modules/clay/build/images/icons/icons.svg#ellipsis-v"></use>
              </svg>
            </button>
            <div class="dropdown-menu">
              <ul class="list-unstyled">
                <li>
                  <a class=" dropdown-item" href="#1">Remove</a>
                </li>
                <li>
                  <a class=" dropdown-item" href="#2">Download</a>
                </li>
                <li aria-hidden="true" class="dropdown-divider" role="presentation"></li>
                <li>
                  <a class=" dropdown-item" href="#3">Edit</a>
                </li>
              </ul>
            </div>
          </div>
        </li>
      </ul>
    </div>
  </nav>
  <div class="container container-no-gutters-sm-down container-view">
    <form>
      <div class="table-responsive">
        <table class="table table-autofit table-hover table-list show-quick-actions-on-hover">
          <thead>
            <tr>
              <th></th>
              <th class="table-cell-expand">
                <button class="btn btn-unstyled" type="button">Name
                  <span class="inline-item inline-item-after">
                    <svg aria-hidden="true" class="lexicon-icon lexicon-icon-order-arrow-up">
                      <title>order-arrow-up</title>
                      <use xlink:href="../../../node_modules/clay/build/images/icons/icons.svg#order-arrow-up"></use>
                    </svg>
                  </span>
                </button>
              </th>
              <th>Origin</th>
              <th>Time</th>
              <th>SpicyLevel</th>
              <th>Download</th>
              <th>Difficulty</th>
            </tr>
          </thead>
          <tbody>
            <tr class="table-divider">
              <td colspan="7">Folders</td>
            </tr>
            <tr>
              <td>
                <div class="custom-control custom-checkbox">
                  <label>
                    <input class="custom-control-input" name="folder" value="1" ref="input" type="checkbox">
                    <span class="custom-control-indicator"></span>
                    <span class="custom-control-description"></span>
                  </label>
                </div>
              </td>
              <td class="table-cell-expand">
                <h4 class="table-list-title">
                  <span class="text-truncate-inline">
                    <span class="text-truncate">Photos</span>
                  </span>
                </h4>
              </td>
              <td>
                <span class="text-truncate"></span>
              </td>
              <td class="text-right"></td>
              <td></td>
              <td>
                <button class="btn btn-sm btn-secondary" type="button">Download</button>
              </td>
              <td>
                <div class="progress-group progress-info">
                  <div class="progress">
                    <div aria-valuemax="100" aria-valuemin="0" aria-valuenow="0" class="progress-bar" role="progressbar" style="width: 0%;"></div>
                  </div>
                  <div class="progress-group-addon">0%</div>
                </div>
              </td>
            </tr>
            <tr>
              <td>
                <div class="custom-control custom-checkbox">
                  <label>
                    <input class="custom-control-input" name="folder" value="2" ref="input" type="checkbox">
                    <span class="custom-control-indicator"></span>
                    <span class="custom-control-description"></span>
                  </label>
                </div>
              </td>
              <td class="table-cell-expand">
                <h4 class="table-list-title">
                  <span class="text-truncate-inline">
                    <span class="text-truncate">Videos</span>
                  </span>
                </h4>
              </td>
              <td>
                <span class="text-truncate"></span>
              </td>
              <td class="text-right"></td>
              <td></td>
              <td>
                <button class="btn btn-sm btn-secondary" type="button">Download</button>
              </td>
              <td>
                <div class="progress-group progress-info">
                  <div class="progress">
                    <div aria-valuemax="100" aria-valuemin="0" aria-valuenow="0" class="progress-bar" role="progressbar" style="width: 0%;"></div>
                  </div>
                  <div class="progress-group-addon">0%</div>
                </div>
              </td>
            </tr>
            <tr class="table-divider">
              <td colspan="7">Recipes</td>
            </tr>
            <tr>
              <td>
                <div class="custom-control custom-checkbox">
                  <label>
                    <input checked="" class="custom-control-input" name="recipe" value="3" ref="input" type="checkbox">
                    <span class="custom-control-indicator"></span>
                    <span class="custom-control-description"></span>
                  </label>
                </div>
              </td>
              <td class="table-cell-expand">
                <h4 class="table-list-title">
                  <span class="text-truncate-inline">
                    <span class="text-truncate">Hamburger</span>
                  </span>
                </h4>
              </td>
              <td>
                <span class="text-truncate">U.S.A</span>
              </td>
              <td class="text-right">10 min.</td>
              <td>
                <span class="label label-success">No Spicy</span>
              </td>
              <td>
                <button class="btn btn-sm btn-secondary" type="button">Download</button>
              </td>
              <td>
                <div class="progress-group progress-info">
                  <div class="progress">
                    <div aria-valuemax="100" aria-valuemin="0" aria-valuenow="2" class="progress-bar" role="progressbar" style="width: 2%;"></div>
                  </div>
                  <div class="progress-group-addon">2%</div>
                </div>
              </td>
            </tr>
            <tr>
              <td>
                <div class="custom-control custom-checkbox">
                  <label>
                    <input class="custom-control-input" name="recipe" value="4" ref="input" type="checkbox">
                    <span class="custom-control-indicator"></span>
                    <span class="custom-control-description"></span>
                  </label>
                </div>
              </td>
              <td class="table-cell-expand">
                <h4 class="table-list-title">
                  <span class="text-truncate-inline">
                    <span class="text-truncate">Ramen</span>
                  </span>
                </h4>
              </td>
              <td>
                <span class="text-truncate">China</span>
              </td>
              <td class="text-right">90 min.</td>
              <td>
                <span class="label label-warning">Spicy</span>
              </td>
              <td>
                <button class="btn btn-sm btn-secondary" type="button">Download</button>
              </td>
              <td>
                <div class="progress-group progress-info">
                  <div class="progress">
                    <div aria-valuemax="100" aria-valuemin="0" aria-valuenow="8" class="progress-bar" role="progressbar" style="width: 8%;"></div>
                  </div>
                  <div class="progress-group-addon">8%</div>
                </div>
              </td>
            </tr>
            <tr>
              <td>
                <div class="custom-control custom-checkbox">
                  <label>
                    <input class="custom-control-input" name="recipe" value="5" ref="input" type="checkbox">
                    <span class="custom-control-indicator"></span>
                    <span class="custom-control-description"></span>
                  </label>
                </div>
              </td>
              <td class="table-cell-expand">
                <h4 class="table-list-title">
                  <span class="text-truncate-inline">
                    <span class="text-truncate">Paella</span>
                  </span>
                </h4>
              </td>
              <td>
                <span class="text-truncate">Spain</span>
              </td>
              <td class="text-right">90 min.</td>
              <td>
                <span class="label label-success">No Spicy</span>
              </td>
              <td>
                <button class="btn btn-sm btn-secondary" type="button">Download</button>
              </td>
              <td>
                <div class="progress-group progress-info">
                  <div class="progress">
                    <div aria-valuemax="100" aria-valuemin="0" aria-valuenow="9" class="progress-bar" role="progressbar" style="width: 9%;"></div>
                  </div>
                  <div class="progress-group-addon">9%</div>
                </div>
              </td>
            </tr>
            <tr>
              <td>
                <div class="custom-control custom-checkbox">
                  <label>
                    <input class="custom-control-input" name="recipe" value="6" ref="input" type="checkbox">
                    <span class="custom-control-indicator"></span>
                    <span class="custom-control-description"></span>
                  </label>
                </div>
              </td>
              <td class="table-cell-expand">
                <h4 class="table-list-title">
                  <span class="text-truncate-inline">
                    <span class="text-truncate">Pizza</span>
                  </span>
                </h4>
              </td>
              <td>
                <span class="text-truncate">Italy</span>
              </td>
              <td class="text-right">30 min.</td>
              <td>
                <span class="label label-success">No Spicy</span>
              </td>
              <td>
                <button class="btn btn-sm btn-secondary" type="button">Download</button>
              </td>
              <td>
                <div class="progress-group progress-info">
                  <div class="progress">
                    <div aria-valuemax="100" aria-valuemin="0" aria-valuenow="6" class="progress-bar" role="progressbar" style="width: 6%;"></div>
                  </div>
                  <div class="progress-group-addon">6%</div>
                </div>
              </td>
            </tr>
            <tr>
              <td>
                <div class="custom-control custom-checkbox">
                  <label>
                    <input class="custom-control-input" name="recipe" value="7" ref="input" type="checkbox">
                    <span class="custom-control-indicator"></span>
                    <span class="custom-control-description"></span>
                  </label>
                </div>
              </td>
              <td class="table-cell-expand">
                <h4 class="table-list-title">
                  <span class="text-truncate-inline">
                    <span class="text-truncate">Carcamusas</span>
                  </span>
                </h4>
              </td>
              <td>
                <span class="text-truncate">Toledo</span>
              </td>
              <td class="text-right">50 min.</td>
              <td>
                <span class="label label-warning">Spicy</span>
              </td>
              <td>
                <button class="btn btn-sm btn-secondary" type="button">Download</button>
              </td>
              <td>
                <div class="progress-group progress-info">
                  <div class="progress">
                    <div aria-valuemax="100" aria-valuemin="0" aria-valuenow="5" class="progress-bar" role="progressbar" style="width: 5%;"></div>
                  </div>
                  <div class="progress-group-addon">5%</div>
                </div>
              </td>
            </tr>
            <tr>
              <td>
                <div class="custom-control custom-checkbox">
                  <label>
                    <input class="custom-control-input" name="recipe" value="8" ref="input" type="checkbox">
                    <span class="custom-control-indicator"></span>
                    <span class="custom-control-description"></span>
                  </label>
                </div>
              </td>
              <td class="table-cell-expand">
                <h4 class="table-list-title">
                  <span class="text-truncate-inline">
                    <span class="text-truncate">Tacos</span>
                  </span>
                </h4>
              </td>
              <td>
                <span class="text-truncate">Mexico</span>
              </td>
              <td class="text-right">30 min.</td>
              <td>
                <span class="label label-danger">Very Spicy</span>
              </td>
              <td>
                <button class="btn btn-sm btn-secondary" type="button">Download</button>
              </td>
              <td>
                <div class="progress-group progress-info">
                  <div class="progress">
                    <div aria-valuemax="100" aria-valuemin="0" aria-valuenow="5" class="progress-bar" role="progressbar" style="width: 5%;"></div>
                  </div>
                  <div class="progress-group-addon">5%</div>
                </div>
              </td>
            </tr>
            <tr class="table-divider">
              <td colspan="7">Chefs</td>
            </tr>
            <tr>
              <td>
                <div class="custom-control custom-checkbox">
                  <label>
                    <input class="custom-control-input" name="chef" value="9" ref="input" type="checkbox">
                    <span class="custom-control-indicator"></span>
                    <span class="custom-control-description"></span>
                  </label>
                </div>
              </td>
              <td class="table-cell-expand">
                <h4 class="table-list-title">
                  <span class="text-truncate-inline">
                    <span class="text-truncate">Ferrán Adriá</span>
                  </span>
                </h4>
              </td>
              <td>
                <span class="text-truncate"></span>
              </td>
              <td class="text-right"></td>
              <td></td>
              <td>
                <button class="btn btn-sm btn-secondary" type="button">Download</button>
              </td>
              <td>
                <div class="progress-group progress-info">
                  <div class="progress">
                    <div aria-valuemax="100" aria-valuemin="0" aria-valuenow="0" class="progress-bar" role="progressbar" style="width: 0%;"></div>
                  </div>
                  <div class="progress-group-addon">0%</div>
                </div>
              </td>
            </tr>
            <tr>
              <td>
                <div class="custom-control custom-checkbox">
                  <label>
                    <input class="custom-control-input" name="chef" value="10" ref="input" type="checkbox">
                    <span class="custom-control-indicator"></span>
                    <span class="custom-control-description"></span>
                  </label>
                </div>
              </td>
              <td class="table-cell-expand">
                <h4 class="table-list-title">
                  <span class="text-truncate-inline">
                    <span class="text-truncate">Gordon Ramsay</span>
                  </span>
                </h4>
              </td>
              <td>
                <span class="text-truncate"></span>
              </td>
              <td class="text-right"></td>
              <td></td>
              <td>
                <button class="btn btn-sm btn-secondary" type="button">Download</button>
              </td>
              <td>
                <div class="progress-group progress-info">
                  <div class="progress">
                    <div aria-valuemax="100" aria-valuemin="0" aria-valuenow="0" class="progress-bar" role="progressbar" style="width: 0%;"></div>
                  </div>
                  <div class="progress-group-addon">0%</div>
                </div>
              </td>
            </tr>
            <tr>
              <td>
                <div class="custom-control custom-checkbox">
                  <label>
                    <input class="custom-control-input" name="chef" value="11" ref="input" type="checkbox">
                    <span class="custom-control-indicator"></span>
                    <span class="custom-control-description"></span>
                  </label>
                </div>
              </td>
              <td class="table-cell-expand">
                <h4 class="table-list-title">
                  <span class="text-truncate-inline">
                    <span class="text-truncate">Alberto Chicote</span>
                  </span>
                </h4>
              </td>
              <td>
                <span class="text-truncate"></span>
              </td>
              <td class="text-right"></td>
              <td></td>
              <td>
                <button class="btn btn-sm btn-secondary" type="button">Download</button>
              </td>
              <td>
                <div class="progress-group progress-info">
                  <div class="progress">
                    <div aria-valuemax="100" aria-valuemin="0" aria-valuenow="0" class="progress-bar" role="progressbar" style="width: 0%;"></div>
                  </div>
                  <div class="progress-group-addon">0%</div>
                </div>
              </td>
            </tr>
          </tbody>
        </table>
      </div>
    </form>
  </div>
</div>
`;
