// Jest Snapshot v1, https://goo.gl/fbAQLP

exports[`ClayManagementToolbar should render a management toolbar with actions in active state 1`] = `
<nav class="management-bar management-bar-primary navbar navbar-expand-md">
  <div class="container">
    <ul class="navbar-nav">
      <li class="nav-item">
        <div class="custom-control custom-checkbox">
          <label>
            <input checked="" class="custom-control-input" ref="input" type="checkbox">
            <span class="custom-control-indicator"></span>
            <span class="custom-control-description sr-only">Select Page</span>
          </label>
        </div>
      </li>
      <li class="nav-item">
        <span class="navbar-text">1 of 10
          <span class="navbar-breakpoint-down-d-none">items selected</span>
        </span>
      </li>
      <li class="nav-item">
        <button class="btn nav-btn btn-link">Select all</button>
      </li>
    </ul>
    <ul class="navbar-nav">
      <li class="nav-item">
        <div class="dropdown dropdown-action">
          <button aria-expanded="false" aria-haspopup="true" aria-label="toggle" class="dropdown-toggle btn btn-unstyled">
            <svg aria-hidden="true" class="lexicon-icon lexicon-icon-ellipsis-v">
              <title>ellipsis-v</title>
              <use xlink:href="../node_modules/lexicon-ux/build/images/icons/icons.svg#ellipsis-v"></use>
            </svg>
          </button>
          <div class="dropdown-menu">
            <ul class="list-unstyled">
              <li>
                <a class=" dropdown-item" href="#editurl">Edit</a>
              </li>
              <li>
                <a class=" dropdown-item" href="#deleteurl">Delete</a>
              </li>
            </ul>
          </div>
        </div>
      </li>
    </ul>
  </div>
</nav>
`;

exports[`ClayManagementToolbar should render a management toolbar with ascending sorting 1`] = `
<nav class="management-bar management-bar-light navbar navbar-expand-md">
  <div class="container">
    <ul class="navbar-nav">
      <li class="nav-item">
        <button class="btn nav-link nav-link-monospaced order-arrow-up-active btn-unstyled" aria-label="order-arrow">
          <svg aria-hidden="true" class="lexicon-icon lexicon-icon-order-arrow">
            <title>order-arrow</title>
            <use xlink:href="../node_modules/lexicon-ux/build/images/icons/icons.svg#order-arrow"></use>
          </svg>
        </button>
      </li>
    </ul>
    <ul class="navbar-nav">
      <li class="nav-item">
        <button class="btn nav-btn nav-btn-monospaced btn-primary" aria-label="plus">
          <svg aria-hidden="true" class="lexicon-icon lexicon-icon-plus">
            <title>plus</title>
            <use xlink:href="../node_modules/lexicon-ux/build/images/icons/icons.svg#plus"></use>
          </svg>
        </button>
      </li>
    </ul>
  </div>
</nav>
`;

exports[`ClayManagementToolbar should render a management toolbar with classes 1`] = `
<nav class="management-bar management-bar-light navbar navbar-expand-md my-custom-class">
  <div class="container">
    <ul class="navbar-nav">
      <li class="nav-item">
        <button class="btn nav-link nav-link-monospaced order-arrow-up-active btn-unstyled" aria-label="order-arrow">
          <svg aria-hidden="true" class="lexicon-icon lexicon-icon-order-arrow">
            <title>order-arrow</title>
            <use xlink:href="../node_modules/lexicon-ux/build/images/icons/icons.svg#order-arrow"></use>
          </svg>
        </button>
      </li>
    </ul>
    <ul class="navbar-nav">
      <li class="nav-item">
        <button class="btn nav-btn nav-btn-monospaced btn-primary" aria-label="plus">
          <svg aria-hidden="true" class="lexicon-icon lexicon-icon-plus">
            <title>plus</title>
            <use xlink:href="../node_modules/lexicon-ux/build/images/icons/icons.svg#plus"></use>
          </svg>
        </button>
      </li>
    </ul>
  </div>
</nav>
`;

exports[`ClayManagementToolbar should render a management toolbar with classes in active state 1`] = `
<nav class="management-bar management-bar-primary navbar navbar-expand-md my-custom-class">
  <div class="container">
    <ul class="navbar-nav">
      <li class="nav-item">
        <div class="custom-control custom-checkbox">
          <label>
            <input checked="" class="custom-control-input" ref="input" type="checkbox">
            <span class="custom-control-indicator"></span>
            <span class="custom-control-description sr-only">Select Page</span>
          </label>
        </div>
      </li>
      <li class="nav-item">
        <span class="navbar-text">1 of 10
          <span class="navbar-breakpoint-down-d-none">items selected</span>
        </span>
      </li>
      <li class="nav-item">
        <button class="btn nav-btn btn-link">Select all</button>
      </li>
    </ul>
  </div>
</nav>
`;

exports[`ClayManagementToolbar should render a management toolbar with descending sorting 1`] = `
<nav class="management-bar management-bar-light navbar navbar-expand-md">
  <div class="container">
    <ul class="navbar-nav">
      <li class="nav-item">
        <button class="btn nav-link nav-link-monospaced order-arrow-down-active btn-unstyled" aria-label="order-arrow">
          <svg aria-hidden="true" class="lexicon-icon lexicon-icon-order-arrow">
            <title>order-arrow</title>
            <use xlink:href="../node_modules/lexicon-ux/build/images/icons/icons.svg#order-arrow"></use>
          </svg>
        </button>
      </li>
    </ul>
    <ul class="navbar-nav">
      <li class="nav-item">
        <button class="btn nav-btn nav-btn-monospaced btn-primary" aria-label="plus">
          <svg aria-hidden="true" class="lexicon-icon lexicon-icon-plus">
            <title>plus</title>
            <use xlink:href="../node_modules/lexicon-ux/build/images/icons/icons.svg#plus"></use>
          </svg>
        </button>
      </li>
    </ul>
  </div>
</nav>
`;

exports[`ClayManagementToolbar should render a management toolbar with filters dropdown 1`] = `
<nav class="management-bar management-bar-light navbar navbar-expand-md">
  <div class="container">
    <ul class="navbar-nav">
      <li class="dropdown nav-item">
        <div class="dropdown">
          <button aria-expanded="false" aria-haspopup="true" aria-label="toggle" class="dropdown-toggle btn nav-link navbar-breakpoint-down-d-none btn-unstyled">Filter and Order
            <svg aria-hidden="true" class="lexicon-icon lexicon-icon-caret-bottom">
              <title>caret-bottom</title>
              <use xlink:href="../node_modules/lexicon-ux/build/images/icons/icons.svg#caret-bottom"></use>
            </svg>
          </button>
          <form>
            <div class="dropdown-menu">
              <div class="dropdown-item">
                <div class="custom-control custom-checkbox custom-control-inline">
                  <label>
                    <input class="custom-control-input" name="item1checkbox" value="1" ref="input" type="checkbox">
                    <span class="custom-control-indicator"></span>
                    <span class="custom-control-description">Item 1</span>
                  </label>
                </div>
              </div>
              <div class="dropdown-item">
                <div class="custom-control custom-checkbox custom-control-inline">
                  <label>
                    <input class="custom-control-input" name="item2checkbox" value="2" ref="input" type="checkbox">
                    <span class="custom-control-indicator"></span>
                    <span class="custom-control-description">Item 2</span>
                  </label>
                </div>
              </div>
              <div class="dropdown-section">
                <button class="btn btn-block btn-primary" type="button">Done</button>
              </div>
            </div>
          </form>
        </div>
      </li>
      <li class="nav-item">
        <button class="btn nav-link nav-link-monospaced order-arrow-up-active btn-unstyled" aria-label="order-arrow">
          <svg aria-hidden="true" class="lexicon-icon lexicon-icon-order-arrow">
            <title>order-arrow</title>
            <use xlink:href="../node_modules/lexicon-ux/build/images/icons/icons.svg#order-arrow"></use>
          </svg>
        </button>
      </li>
    </ul>
    <ul class="navbar-nav">
      <li class="nav-item">
        <button class="btn nav-btn nav-btn-monospaced btn-primary" aria-label="plus">
          <svg aria-hidden="true" class="lexicon-icon lexicon-icon-plus">
            <title>plus</title>
            <use xlink:href="../node_modules/lexicon-ux/build/images/icons/icons.svg#plus"></use>
          </svg>
        </button>
      </li>
    </ul>
  </div>
</nav>
`;

exports[`ClayManagementToolbar should render a management toolbar with id 1`] = `
<nav class="management-bar management-bar-light navbar navbar-expand-md" id="myId">
  <div class="container">
    <ul class="navbar-nav">
      <li class="nav-item">
        <button class="btn nav-link nav-link-monospaced order-arrow-up-active btn-unstyled" aria-label="order-arrow">
          <svg aria-hidden="true" class="lexicon-icon lexicon-icon-order-arrow">
            <title>order-arrow</title>
            <use xlink:href="../node_modules/lexicon-ux/build/images/icons/icons.svg#order-arrow"></use>
          </svg>
        </button>
      </li>
    </ul>
    <ul class="navbar-nav">
      <li class="nav-item">
        <button class="btn nav-btn nav-btn-monospaced btn-primary" aria-label="plus">
          <svg aria-hidden="true" class="lexicon-icon lexicon-icon-plus">
            <title>plus</title>
            <use xlink:href="../node_modules/lexicon-ux/build/images/icons/icons.svg#plus"></use>
          </svg>
        </button>
      </li>
    </ul>
  </div>
</nav>
`;

exports[`ClayManagementToolbar should render a management toolbar with id in active state 1`] = `
<nav class="management-bar management-bar-primary navbar navbar-expand-md" id="myId">
  <div class="container">
    <ul class="navbar-nav">
      <li class="nav-item">
        <div class="custom-control custom-checkbox">
          <label>
            <input checked="" class="custom-control-input" ref="input" type="checkbox">
            <span class="custom-control-indicator"></span>
            <span class="custom-control-description sr-only">Select Page</span>
          </label>
        </div>
      </li>
      <li class="nav-item">
        <span class="navbar-text">1 of 10
          <span class="navbar-breakpoint-down-d-none">items selected</span>
        </span>
      </li>
      <li class="nav-item">
        <button class="btn nav-btn btn-link">Select all</button>
      </li>
    </ul>
  </div>
</nav>
`;

exports[`ClayManagementToolbar should render a management toolbar with selection enabled 1`] = `
<nav class="management-bar management-bar-light navbar navbar-expand-md">
  <div class="container">
    <ul class="navbar-nav">
      <li class="nav-item">
        <div class="custom-control custom-checkbox">
          <label>
            <input class="custom-control-input" ref="input" type="checkbox">
            <span class="custom-control-indicator"></span>
            <span class="custom-control-description sr-only">Select Page</span>
          </label>
        </div>
      </li>
      <li class="nav-item">
        <button class="btn nav-link nav-link-monospaced order-arrow-up-active btn-unstyled" aria-label="order-arrow">
          <svg aria-hidden="true" class="lexicon-icon lexicon-icon-order-arrow">
            <title>order-arrow</title>
            <use xlink:href="../node_modules/lexicon-ux/build/images/icons/icons.svg#order-arrow"></use>
          </svg>
        </button>
      </li>
    </ul>
    <ul class="navbar-nav">
      <li class="nav-item">
        <button class="btn nav-btn nav-btn-monospaced btn-primary" aria-label="plus">
          <svg aria-hidden="true" class="lexicon-icon lexicon-icon-plus">
            <title>plus</title>
            <use xlink:href="../node_modules/lexicon-ux/build/images/icons/icons.svg#plus"></use>
          </svg>
        </button>
      </li>
    </ul>
  </div>
</nav>
`;

exports[`ClayManagementToolbar should render a management toolbar with state active 1`] = `
<nav class="management-bar management-bar-primary navbar navbar-expand-md">
  <div class="container">
    <ul class="navbar-nav">
      <li class="nav-item">
        <div class="custom-control custom-checkbox">
          <label>
            <input checked="" class="custom-control-input" ref="input" type="checkbox">
            <span class="custom-control-indicator"></span>
            <span class="custom-control-description sr-only">Select Page</span>
          </label>
        </div>
      </li>
      <li class="nav-item">
        <span class="navbar-text">1 of 10
          <span class="navbar-breakpoint-down-d-none">items selected</span>
        </span>
      </li>
      <li class="nav-item">
        <button class="btn nav-btn btn-link">Select all</button>
      </li>
    </ul>
  </div>
</nav>
`;

exports[`ClayManagementToolbar should render a management toolbar with view types 1`] = `
<nav class="management-bar management-bar-light navbar navbar-expand-md">
  <div class="container">
    <ul class="navbar-nav">
      <li class="nav-item">
        <button class="btn nav-link nav-link-monospaced order-arrow-up-active btn-unstyled" aria-label="order-arrow">
          <svg aria-hidden="true" class="lexicon-icon lexicon-icon-order-arrow">
            <title>order-arrow</title>
            <use xlink:href="../node_modules/lexicon-ux/build/images/icons/icons.svg#order-arrow"></use>
          </svg>
        </button>
      </li>
    </ul>
    <ul class="navbar-nav">
      <li class="dropdown nav-item">
        <div class="dropdown">
          <button aria-expanded="false" aria-haspopup="true" aria-label="toggle" class="dropdown-toggle btn nav-link nav-link-monospaced btn-unstyled">
            <svg aria-hidden="true" class="lexicon-icon lexicon-icon-list">
              <title>list</title>
              <use xlink:href="../node_modules/lexicon-ux/build/images/icons/icons.svg#list"></use>
            </svg>
          </button>
          <div class="dropdown-menu dropdown-menu-indicator-start">
            <ul class="list-unstyled">
              <li>
                <a class=" dropdown-item active">
                  <div class="dropdown-item-indicator">
                    <svg aria-hidden="true" class="lexicon-icon lexicon-icon-list">
                      <title>list</title>
                      <use xlink:href="../node_modules/lexicon-ux/build/images/icons/icons.svg#list"></use>
                    </svg>
                  </div>List</a>
              </li>
              <li>
                <a class=" dropdown-item disabled" href="javascript:;">
                  <div class="dropdown-item-indicator">
                    <svg aria-hidden="true" class="lexicon-icon lexicon-icon-table">
                      <title>table</title>
                      <use xlink:href="../node_modules/lexicon-ux/build/images/icons/icons.svg#table"></use>
                    </svg>
                  </div>Table</a>
              </li>
              <li>
                <a class=" dropdown-item">
                  <div class="dropdown-item-indicator">
                    <svg aria-hidden="true" class="lexicon-icon lexicon-icon-cards2">
                      <title>cards2</title>
                      <use xlink:href="../node_modules/lexicon-ux/build/images/icons/icons.svg#cards2"></use>
                    </svg>
                  </div>Card</a>
              </li>
            </ul>
          </div>
        </div>
      </li>
      <li class="nav-item">
        <button class="btn nav-btn nav-btn-monospaced btn-primary" aria-label="plus">
          <svg aria-hidden="true" class="lexicon-icon lexicon-icon-plus">
            <title>plus</title>
            <use xlink:href="../node_modules/lexicon-ux/build/images/icons/icons.svg#plus"></use>
          </svg>
        </button>
      </li>
    </ul>
  </div>
</nav>
`;

exports[`ClayManagementToolbar should render the default markup 1`] = `
<nav class="management-bar management-bar-light navbar navbar-expand-md">
  <div class="container">
    <ul class="navbar-nav">
      <li class="nav-item">
        <button class="btn nav-link nav-link-monospaced order-arrow-up-active btn-unstyled" aria-label="order-arrow">
          <svg aria-hidden="true" class="lexicon-icon lexicon-icon-order-arrow">
            <title>order-arrow</title>
            <use xlink:href="../node_modules/lexicon-ux/build/images/icons/icons.svg#order-arrow"></use>
          </svg>
        </button>
      </li>
    </ul>
    <ul class="navbar-nav">
      <li class="nav-item">
        <button class="btn nav-btn nav-btn-monospaced btn-primary" aria-label="plus">
          <svg aria-hidden="true" class="lexicon-icon lexicon-icon-plus">
            <title>plus</title>
            <use xlink:href="../node_modules/lexicon-ux/build/images/icons/icons.svg#plus"></use>
          </svg>
        </button>
      </li>
    </ul>
  </div>
</nav>
`;
