// Jest Snapshot v1, https://goo.gl/fbAQLP

exports[`ClayListGroup should render a ClayListGroup with classes 1`] = `<ul class="list-group show-quick-actions-on-hover elementClasses my-custom-class"></ul>`;

exports[`ClayListGroup should render a ClayListGroup with id 1`] = `<ul class="list-group show-quick-actions-on-hover" id="myId"></ul>`;

exports[`ClayListGroup should render a selectable ClayListGroup 1`] = `
<ul class="list-group show-quick-actions-on-hover">
  <li class="list-group-item list-group-item-flex">
    <div class="flex-col">
      <div class="custom-control custom-checkbox">
        <label>
          <input class="custom-control-input" ref="input" type="checkbox">
          <span class="custom-control-indicator"></span>
          <span class="custom-control-description sr-only">select</span>
        </label>
      </div>
    </div>
    <div class="flex-col flex-col-expand">
      <h4 class="list-group-title text-truncate">
        <a href="#1">Item 1</a>
      </h4>
      <p class="list-group-subtitle text-truncate">Description 1</p>
    </div>
  </li>
  <li class="list-group-item list-group-item-flex">
    <div class="flex-col">
      <div class="custom-control custom-checkbox">
        <label>
          <input class="custom-control-input" ref="input" type="checkbox">
          <span class="custom-control-indicator"></span>
          <span class="custom-control-description sr-only">select</span>
        </label>
      </div>
    </div>
    <div class="flex-col flex-col-expand">
      <h4 class="list-group-title text-truncate">
        <a href="#2">Item 2</a>
      </h4>
      <p class="list-group-subtitle text-truncate">Description 2</p>
    </div>
  </li>
  <li class="list-group-item list-group-item-flex">
    <div class="flex-col">
      <div class="custom-control custom-checkbox">
        <label>
          <input class="custom-control-input" ref="input" type="checkbox">
          <span class="custom-control-indicator"></span>
          <span class="custom-control-description sr-only">select</span>
        </label>
      </div>
    </div>
    <div class="flex-col flex-col-expand">
      <h4 class="list-group-title text-truncate">
        <a href="#3">Item 3</a>
      </h4>
      <p class="list-group-subtitle text-truncate">Description 3</p>
    </div>
  </li>
</ul>
`;

exports[`ClayListGroup should render a selectable ClayListGroup with header title 1`] = `
<ul class="list-group show-quick-actions-on-hover">
  <li class="list-group-header">
    <h3 class="list-group-header-title">Group Header 1</h3>
  </li>
  <li class="list-group-item list-group-item-flex">Item 1</li>
</ul>
`;

exports[`ClayListGroup should render the default markup 1`] = `<ul class="list-group show-quick-actions-on-hover"></ul>`;
