// Jest Snapshot v1, https://goo.gl/fbAQLP

exports[`ClayDropdown should render a dropdown with items 1`] = `
<div class="dropdown">
  <button aria-expanded="false" aria-haspopup="true" class="dropdown-toggle btn btn-unstyled" id="id">Trigger
    <svg aria-hidden="true" class="lexicon-icon lexicon-icon-caret-bottom">
      <use xlink:href="icons.svg#caret-bottom"></use>
    </svg>
  </button>
  <ul aria-labelledby="id" class="dropdown-menu">
    <li>
      <a class="dropdown-item" href="item1url">Item 1</a>
    </li>
    <li>
      <a class="dropdown-item" href="item2url">Item 2</a>
    </li>
    <li>
      <a class="dropdown-item active" href="item1ur3">Item 3</a>
    </li>
    <li>
      <a class="dropdown-item disabled" href="javascript:;">Item 4</a>
    </li>
    <li class="dropdown-item">
      <label class="custom-control custom-checkbox">
        <input class="custom-control-input" name="checkbox5name" value="checkbox5value" ref="input" type="checkbox">
        <span class="custom-control-indicator"></span>
        <span class="custom-control-description">Item 5</span>
      </label>
    </li>
    <li class="dropdown-item">
      <label class="custom-control custom-checkbox">
        <input checked="" class="custom-control-input" name="checkbox6name" value="checkbox7value" ref="input" type="checkbox">
        <span class="custom-control-indicator"></span>
        <span class="custom-control-description">Item 7</span>
      </label>
    </li>
    <li class="dropdown-item">
      <label class="custom-control custom-checkbox">
        <input disabled="" class="custom-control-input" name="checkbox7name" value="checkbox7value" ref="input" type="checkbox">
        <span class="custom-control-indicator"></span>
        <span class="custom-control-description">Item 7</span>
      </label>
    </li>
    <li class="dropdown-item">
      <label class="custom-control custom-radio">
        <input class="custom-control-input" name="radioname" value="radio8value" ref="input" type="radio">
        <span class="custom-control-indicator"></span>
        <span class="custom-control-description">Item 8</span>
      </label>
    </li>
    <li class="dropdown-item">
      <label class="custom-control custom-radio">
        <input checked="" class="custom-control-input" name="radioname" value="radio9value" ref="input" type="radio">
        <span class="custom-control-indicator"></span>
        <span class="custom-control-description">Item 9</span>
      </label>
    </li>
    <li class="dropdown-item">
      <label class="custom-control custom-radio">
        <input disabled="" class="custom-control-input" name="radioname" value="radio10value" ref="input" type="radio">
        <span class="custom-control-indicator"></span>
        <span class="custom-control-description">Item 10</span>
      </label>
    </li>
    <div class="dropdown-subheader">Group 11</div>
    <div class="dropdown-divider"></div>
  </ul>
</div>
`;

exports[`ClayDropdown should render a searchable dropdown 1`] = `
<div class="dropdown">
  <button aria-expanded="false" aria-haspopup="true" class="dropdown-toggle btn btn-unstyled" id="id">Trigger
    <svg aria-hidden="true" class="lexicon-icon lexicon-icon-caret-bottom">
      <use xlink:href="icons.svg#caret-bottom"></use>
    </svg>
  </button>
  <ul aria-labelledby="id" class="dropdown-menu">
    <div class="dropdown-section">
      <div class="input-group input-group-inset">
        <div class="input-group-input">
          <input class="form-control" placeholder="Search for..." type="text" ref="searchInput">
        </div>
        <span class="input-group-inset-item">
          <button class="btn btn-link">
            <svg aria-hidden="true" class="lexicon-icon lexicon-icon-search">
              <use xlink:href="icons.svg#search"></use>
            </svg>
          </button>
        </span>
      </div>
    </div>
    <li>
      <a class="dropdown-item" href="item1url">Item 1</a>
    </li>
  </ul>
</div>
`;

exports[`ClayDropdown should render an expanded dropdown 1`] = `
<div class="dropdown show">
  <button aria-expanded="true" aria-haspopup="true" class="dropdown-toggle btn btn-unstyled" id="id">Trigger
    <svg aria-hidden="true" class="lexicon-icon lexicon-icon-caret-bottom">
      <use xlink:href="icons.svg#caret-bottom"></use>
    </svg>
  </button>
  <ul aria-labelledby="id" class="dropdown-menu show" style="top: 0px; left: 0px;">
    <li>
      <a class="dropdown-item" href="item1url">Item 1</a>
    </li>
  </ul>
</div>
`;
