// Jest Snapshot v1, https://goo.gl/fbAQLP

exports[`ClayNavbar should render a navbar with more than one element 1`] = `
<nav class="navbar navbar-collapse-absolute navbar-expand-md navbar-underline navigation-bar navigation-bar-light">
  <div class="container">
    <a aria-label="Toggle Navigation" aria-expanded="false" class=" navbar-toggler navbar-toggler-link collapsed" href="#">
      <svg aria-hidden="true" class="lexicon-icon lexicon-icon-caret-bottom">
        <use xlink:href="icons.svg#caret-bottom"></use>
      </svg>
    </a>
    <div class="navbar-collapse collapse">
      <div class="container">
        <ul class="navbar-nav">
          <li class="nav-item">
            <a class=" nav-link" href="#1">
              <span class="navbar-text-truncate">Page 1</span>
            </a>
          </li>
          <li class="nav-item">
            <a class=" nav-link" href="#2">
              <span class="navbar-text-truncate">Page 2</span>
            </a>
          </li>
        </ul>
      </div>
    </div>
  </div>
</nav>
`;

exports[`ClayNavbar should render a navbar with one active element 1`] = `
<nav class="navbar navbar-collapse-absolute navbar-expand-md navbar-underline navigation-bar navigation-bar-light">
  <div class="container">
    <a aria-label="Toggle Navigation" aria-expanded="false" class=" navbar-toggler navbar-toggler-link collapsed" href="#">Page 1
      <svg aria-hidden="true" class="lexicon-icon lexicon-icon-caret-bottom">
        <use xlink:href="icons.svg#caret-bottom"></use>
      </svg>
    </a>
    <div class="navbar-collapse collapse">
      <div class="container">
        <ul class="navbar-nav">
          <li class="nav-item">
            <a aria-label="Current Page" class=" nav-link active" href="#1">
              <span class="navbar-text-truncate">Page 1</span>
            </a>
          </li>
        </ul>
      </div>
    </div>
  </div>
</nav>
`;

exports[`ClayNavbar should render a navbar with one element 1`] = `
<nav class="navbar navbar-collapse-absolute navbar-expand-md navbar-underline navigation-bar navigation-bar-light">
  <div class="container">
    <a aria-label="Toggle Navigation" aria-expanded="false" class=" navbar-toggler navbar-toggler-link collapsed" href="#">
      <svg aria-hidden="true" class="lexicon-icon lexicon-icon-caret-bottom">
        <use xlink:href="icons.svg#caret-bottom"></use>
      </svg>
    </a>
    <div class="navbar-collapse collapse">
      <div class="container">
        <ul class="navbar-nav">
          <li class="nav-item">
            <a class=" nav-link" href="#1">
              <span class="navbar-text-truncate">Page 1</span>
            </a>
          </li>
        </ul>
      </div>
    </div>
  </div>
</nav>
`;

exports[`ClayNavbar should render an inverted colored navbar with one element 1`] = `
<nav class="navbar navbar-collapse-absolute navbar-expand-md navbar-underline navigation-bar navigation-bar-secondary">
  <div class="container">
    <a aria-label="Toggle Navigation" aria-expanded="false" class=" navbar-toggler navbar-toggler-link collapsed" href="#">
      <svg aria-hidden="true" class="lexicon-icon lexicon-icon-caret-bottom">
        <use xlink:href="icons.svg#caret-bottom"></use>
      </svg>
    </a>
    <div class="navbar-collapse collapse">
      <div class="container">
        <ul class="navbar-nav">
          <li class="nav-item">
            <a class=" nav-link" href="#1">
              <span class="navbar-text-truncate">Page 1</span>
            </a>
          </li>
        </ul>
      </div>
    </div>
  </div>
</nav>
`;
