// Jest Snapshot v1, https://goo.gl/fbAQLP

exports[`ClayList should render a ClayList with classes 1`] = `<ul class="list-group show-quick-actions-on-hover elementClasses my-custom-class"></ul>`;

exports[`ClayList should render a ClayList with id 1`] = `<ul class="list-group show-quick-actions-on-hover" id="myId"></ul>`;

exports[`ClayList should render a selectable ClayList 1`] = `
<ul class="list-group show-quick-actions-on-hover">
  <li class="list-group-item list-group-item-flex">
    <div class="flex-col">
      <div class="custom-control custom-checkbox">
        <label>
          <input class="custom-control-input" ref="input" type="checkbox">
          <span class="custom-control-indicator"></span>
          <span class="custom-control-description sr-only">select</span>
        </label>
      </div>
    </div>
    <div class="flex-col flex-col-expand">
      <h4 class="list-group-title text-truncate">Star Wars</h4>
    </div>
  </li>
</ul>
`;

exports[`ClayList should render a selectable ClayList with groups 1`] = `
<ul class="list-group show-quick-actions-on-hover">
  <li class="list-group-header">
    <h3 class="list-group-header-title">Movies</h3>
  </li>
  <li class="list-group-item list-group-item-flex">Star Wars</li>
</ul>
`;

exports[`ClayList should render the default markup 1`] = `<ul class="list-group show-quick-actions-on-hover"></ul>`;
